2026-08-07 16:58:17,455 | INFO | Translation requested -> ta
2026-08-07 16:58:18,424 | INFO | Translation completed successfully.
2026-08-07 17:05:31,648 | INFO | Translation requested -> ta
2026-08-07 17:05:32,229 | INFO | Translation completed successfully.
2026-08-07 17:58:57,167 | INFO | Translation requested -> ta
2026-08-07 17:58:58,083 | INFO | Translation completed successfully.
2026-08-07 17:59:40,254 | INFO | Translation requested -> ta
2026-08-07 17:59:41,058 | INFO | Translation completed successfully.
2026-08-07 18:00:59,943 | INFO | Translation requested -> ta
2026-08-07 18:01:00,681 | INFO | Translation completed successfully.
2026-08-11 12:08:02,455 | INFO | Translation requested -> ta
2026-08-11 12:08:03,277 | INFO | Translation completed successfully.
2026-08-11 12:22:15,091 | INFO | Translation requested -> ta
2026-08-11 12:22:16,279 | INFO | Translation completed successfully.
2026-08-11 12:30:35,565 | INFO | Translation requested -> ta
2026-08-11 12:30:37,096 | INFO | Translation completed successfully.
2026-08-11 12:31:00,857 | INFO | Translation requested -> ta
2026-08-11 12:31:01,635 | INFO | Translation completed successfully.
2026-08-11 14:11:19,102 | INFO | Translation requested -> ka
2026-08-11 14:11:20,270 | INFO | Translation completed successfully.
2026-08-11 14:12:08,991 | INFO | Translation requested -> te
2026-08-11 14:12:09,944 | INFO | Translation completed successfully.
2026-08-11 22:54:59,213 | INFO | Translation requested -> te
2026-08-11 22:55:00,078 | INFO | Translation completed successfully.
2026-08-11 22:55:28,012 | INFO | Translation requested -> ta
2026-08-11 22:55:29,911 | INFO | Translation completed successfully.
2026-08-11 22:55:57,660 | INFO | Translation requested -> ta
2026-08-11 22:55:58,562 | INFO | Translation completed successfully.
2026-08-11 23:20:31,581 | INFO | Translation requested -> ta
2026-08-11 23:20:32,651 | INFO | Translation completed successfully.
2026-08-11 23:20:35,220 | INFO | Translation requested -> ta
2026-08-11 23:20:37,182 | INFO | Translation completed successfully.
2026-08-11 23:33:27,725 | INFO | Translation requested -> ta
2026-08-11 23:33:28,412 | INFO | Translation completed successfully.
2026-08-11 23:33:36,220 | INFO | Translation requested -> ta
2026-08-11 23:33:37,095 | INFO | Translation completed successfully.
2026-08-11 23:33:54,566 | INFO | Translation requested -> te
2026-08-11 23:33:55,575 | INFO | Translation completed successfully.
2026-08-11 23:34:02,494 | INFO | Translation requested -> te
2026-08-11 23:34:03,194 | INFO | Translation completed successfully.
2026-08-11 23:35:41,278 | INFO | Translation requested -> ta
2026-08-11 23:35:42,069 | INFO | Translation completed successfully.
2026-08-11 23:35:48,704 | INFO | Translation requested -> ta
2026-08-11 23:35:49,378 | INFO | Translation completed successfully.
2026-08-11 23:42:47,871 | INFO | Translation requested -> ta
2026-08-11 23:42:48,514 | INFO | Translation completed successfully.
2026-08-11 23:43:18,836 | INFO | Translation requested -> ta
2026-08-11 23:43:19,443 | INFO | Translation completed successfully.
2026-08-11 23:43:24,222 | INFO | Translation requested -> ta
2026-08-11 23:43:24,808 | INFO | Translation completed successfully.
2026-08-12 09:12:23,808 | INFO | Translation requested -> ta
2026-08-12 09:12:25,022 | INFO | Translation completed successfully.
2026-08-12 09:12:30,207 | INFO | Translation requested -> ta
2026-08-12 09:12:30,979 | INFO | Translation completed successfully.
2026-08-12 09:12:39,147 | INFO | Translation requested -> te
2026-08-12 09:12:39,876 | INFO | Translation completed successfully.
2026-08-12 09:12:59,483 | INFO | Translation requested -> ka
2026-08-12 09:13:01,734 | INFO | Translation completed successfully.
2026-08-12 09:14:39,264 | INFO | Translation requested -> ka
2026-08-12 09:14:40,899 | INFO | Translation completed successfully.
2026-08-12 09:14:49,648 | INFO | Translation requested -> ta
2026-08-12 09:14:50,465 | INFO | Translation completed successfully.
2026-08-12 09:15:04,937 | INFO | Translation requested -> es
2026-08-12 09:15:06,252 | INFO | Translation completed successfully.
2026-08-12 09:16:07,494 | INFO | Translation requested -> ta
2026-08-12 09:16:08,609 | INFO | Translation completed successfully.
2026-08-12 09:16:47,088 | INFO | Translation requested -> es
2026-08-12 09:16:47,809 | INFO | Translation completed successfully.
2026-08-12 09:16:56,275 | INFO | Translation requested -> es
2026-08-12 09:16:57,112 | INFO | Translation completed successfully.
2026-08-12 09:17:08,447 | INFO | Translation requested -> ta
2026-08-12 09:17:09,181 | INFO | Translation completed successfully.
2026-08-12 09:17:16,485 | INFO | Translation requested -> ta
2026-08-12 09:17:17,415 | INFO | Translation completed successfully.
2026-08-12 09:23:43,696 | INFO | Translation requested -> es
2026-08-12 09:23:44,404 | INFO | Translation completed successfully.
2026-08-12 09:24:08,222 | INFO | Translation requested -> kn
2026-08-12 09:24:09,024 | INFO | Translation completed successfully.
2026-08-12 09:24:25,860 | INFO | Translation requested -> te
2026-08-12 09:24:26,482 | INFO | Translation completed successfully.
2026-08-12 09:24:35,435 | INFO | Translation requested -> ta
2026-08-12 09:24:36,176 | INFO | Translation completed successfully.
2026-08-12 09:24:45,589 | INFO | Translation requested -> ml
2026-08-12 09:24:46,676 | INFO | Translation completed successfully.
2026-08-12 09:25:31,993 | INFO | Translation requested -> hi
2026-08-12 09:25:33,368 | INFO | Translation completed successfully.
2026-08-12 09:25:52,492 | INFO | Translation requested -> hi
2026-08-12 09:25:54,181 | INFO | Translation completed successfully.
2026-08-12 09:29:45,444 | INFO | Translation requested -> pt
2026-08-12 09:29:46,409 | INFO | Translation completed successfully.
2026-08-12 09:39:50,821 | INFO | Translation requested -> ta
2026-08-12 09:39:50,833 | ERROR | Translation failed: HTTPSConnectionPool(host='translate.google.com', port=443): Max retries exceeded with url: /m?tl=ta&sl=auto&q=hello (Caused by NameResolutionError("HTTPSConnection(host='translate.google.com', port=443): Failed to resolve 'translate.google.com' ([Errno 11001] getaddrinfo failed)"))
2026-08-12 09:42:16,317 | INFO | Translation requested -> ta
2026-08-12 09:42:16,321 | ERROR | Translation failed: name 'xyz' is not defined
2026-08-12 09:42:21,471 | INFO | Translation requested -> ta
2026-08-12 09:42:21,471 | ERROR | Translation failed: name 'xyz' is not defined
2026-08-12 09:42:29,371 | INFO | Translation requested -> ta
2026-08-12 09:42:30,529 | INFO | Translation completed successfully.
